// Jest Snapshot v1, https://goo.gl/fbAQLP

exports[`Page: Contact By Email renders correctly 1`] = `
<div>
  <div
    class="layout"
  >
    <header
      class="header"
    >
      <div
        class="headerTop"
      >
        <div
          class="headerTopContainer"
        >
          <div
            class="logo"
          >
            <div
              class="logoContainer"
            >
              <span
                style="box-sizing: border-box; display: block; overflow: hidden; background: none; opacity: 1; border: 0px; margin: 0px; padding: 0px; position: absolute; top: 0px; left: 0px; bottom: 0px; right: 0px;"
              >
                <img
                  data-nimg="fill"
                  decoding="async"
                  src="data:image/gif;base64,R0lGODlhAQABAIAAAAAAAP///yH5BAEAAAAALAAAAAABAAEAAAIBRAA7"
                  style="position: absolute; top: 0px; left: 0px; bottom: 0px; right: 0px; box-sizing: border-box; padding: 0px; margin: auto; display: block; width: 0px; height: 0px; min-width: 100%; max-width: 100%; min-height: 100%; max-height: 100%;"
                />
                <noscript />
              </span>
            </div>
            <span
              class="name"
            >
              Siman Tov Jamberu
            </span>
          </div>
        </div>
      </div>
    </header>
    <main>
      <div
        class="page"
      >
        <div
          class="pageContainer"
        >
          <div
            class="navSection"
          >
            <div
              class="navSectionContainer"
            >
              <div
                class="nav"
              >
                <div
                  class="breadcrumbs"
                >
                  <a
                    class="white"
                    href="/"
                    title="Homepage"
                  >
                    דף הבית
                  </a>
                  <span
                    class="decoration"
                  >
                    &gt;
                  </span>
                  <a
                    class="disabled"
                    href="/contactByEmail"
                  >
                    שלח דוא"ל
                  </a>
                </div>
              </div>
            </div>
          </div>
          <div
            class="container"
          >
            <div
              class="contact"
            >
              <h1>
                שלח דוא"ל
              </h1>
              <h2>
                רוצה לשלוח דוא"ל כבר עכשיו? אפשר לשלוח דוא"ל ממש פה.
              </h2>
              <p>
                *שדות חובה
              </p>
              <div
                class="email"
              >
                <form>
                  <div
                    class="input"
                  >
                    <label
                      class="label"
                      for="Subject"
                    >
                      Subject
                    </label>
                    <input
                      name="Subject"
                      placeholder="business"
                      title="Subject"
                      type="text"
                      value=""
                    />
                  </div>
                  <div
                    class="input"
                  >
                    <label
                      class="label"
                      for="*Message"
                    >
                      *Message
                    </label>
                    <input
                      name="*Message"
                      placeholder="Hi, I would like to have business with you..."
                      required=""
                      title="*Message"
                      type="text"
                      value=""
                    />
                  </div>
                  <div
                    class="input"
                  >
                    <label
                      class="label"
                      for="*Name"
                    >
                      *Name
                    </label>
                    <input
                      name="*Name"
                      placeholder="Jack Banks"
                      required=""
                      title="*Name"
                      type="text"
                      value=""
                    />
                  </div>
                  <div
                    class="input"
                  >
                    <label
                      class="label"
                      for="*Email"
                    >
                      *Email
                    </label>
                    <input
                      name="*Email"
                      placeholder="user@domain.com"
                      required=""
                      title="*Email"
                      type="email"
                      value=""
                    />
                  </div>
                  <div
                    class="input"
                  >
                    <label
                      class="label"
                      for="Phone"
                    >
                      Phone
                    </label>
                    <input
                      name="Phone"
                      title="Phone"
                      type="tel"
                      value=""
                    />
                  </div>
                  <div
                    class="submit"
                  >
                    <button
                      class="submitBtn button"
                      type="submit"
                    >
                      <p>
                        שליחה
                      </p>
                      <div
                        class="response submit"
                      />
                    </button>
                  </div>
                </form>
              </div>
            </div>
          </div>
        </div>
      </div>
    </main>
    <footer
      class="footer"
    >
      <div
        class="footerTop"
      >
        <div
          class="footerTopContainer"
        >
          <div
            class="footerLinks"
          >
            <div
              class="serviceLinks"
            >
              <h3>
                שירותים
              </h3>
              <ul>
                <li>
                  <span
                    class="decoration"
                  >
                    &gt;
                  </span>
                  <a
                    class="white"
                    href="/contact"
                    title="Contact"
                  >
                    צור קשר
                  </a>
                </li>
                <li>
                  <span
                    class="decoration"
                  >
                    &gt;
                  </span>
                  <a
                    class="white"
                    href="/help"
                    title="Help"
                  >
                    עזרה
                  </a>
                </li>
                <li>
                  <span
                    class="decoration"
                  >
                    &gt;
                  </span>
                  <a
                    class="white"
                    href="/archive"
                    title="Archive"
                  >
                    ארכיון
                  </a>
                </li>
              </ul>
            </div>
          </div>
        </div>
      </div>
      <div
        class="footerBottom"
      >
        <div
          class="footerBottomContainer"
        >
          <div
            class="footerLang"
          >
            <div
              class="lang"
            >
              <button
                class=" button"
                type="button"
              >
                <p>
                  English
                </p>
              </button>
            </div>
            <div
              class="lang"
            >
              <button
                class="currentLang button"
                type="button"
              >
                <p>
                  עברית
                </p>
              </button>
            </div>
          </div>
        </div>
      </div>
    </footer>
  </div>
</div>
`;
