// Jest Snapshot v1, https://goo.gl/fbAQLP

exports[`Page: Profile renders correctly 1`] = `
<div>
  <div
    class="layout"
  >
    <header
      class="header"
    >
      <div
        class="headerTop"
      >
        <div
          class="headerTopContainer"
        >
          <div
            class="logo"
          >
            <div
              class="logoContainer"
            >
              <span
                style="box-sizing: border-box; display: block; overflow: hidden; background: none; opacity: 1; border: 0px; margin: 0px; padding: 0px; position: absolute; top: 0px; left: 0px; bottom: 0px; right: 0px;"
              >
                <img
                  data-nimg="fill"
                  decoding="async"
                  src="data:image/gif;base64,R0lGODlhAQABAIAAAAAAAP///yH5BAEAAAAALAAAAAABAAEAAAIBRAA7"
                  style="position: absolute; top: 0px; left: 0px; bottom: 0px; right: 0px; box-sizing: border-box; padding: 0px; margin: auto; display: block; width: 0px; height: 0px; min-width: 100%; max-width: 100%; min-height: 100%; max-height: 100%;"
                />
                <noscript />
              </span>
            </div>
            <span
              class="name"
            >
              Siman Tov Jamberu
            </span>
          </div>
        </div>
      </div>
    </header>
    <main>
      <div
        class="page"
      >
        <div
          class="pageContainer"
        >
          <div
            class="navSection"
          >
            <div
              class="navSectionContainer"
            >
              <div
                class="nav"
              >
                <div
                  class="breadcrumbs"
                >
                  <a
                    class="white"
                    href="/"
                    title="Homepage"
                  >
                    דף הבית
                  </a>
                  <span
                    class="decoration"
                  >
                    &gt;
                  </span>
                  <a
                    class="disabled"
                    href="/profile"
                  >
                    פרופיל
                  </a>
                </div>
              </div>
            </div>
          </div>
          <div
            class="imageSection bgImage"
          />
          <div
            class="container"
          >
            <div
              class="about"
            >
              <h1>
                סימן טוב גמברו
              </h1>
              <p>
                בתור מפתח אני תמיד מוצא את עצמי מרחיב את הידע ואני פשוט אוהב את זה. יש בי סקרנות טבעית ורעב ללמוד ולהתפתח ברמה המקצועית וברמה האישית. לאחרונה סיימתי לימודים תיאורטיים ומעשיים בפיתוח ותכנות הכוללים בין השאר HTML, CSS, JavaScript, TypeScript, MongoDB, ExpressJS, ReactJS, NodeJS, Redux.יש לי תפיסה קונספטואלית ברמת המאקרו ובמקביל אני יודע לתת תשומת לב לחלקים הקטנים המרכיבים את השלם. כרגע אני עובד באינטגרציה באחד מבתי התוכנה הגדולים: Cognyte. במהלך עבודתי המשכתי בלימודים עצמאים ורכשתי כלים נוספים הכוללים בין השאר: Ansible, Jenkins, Docker, Linux, SQL. בין תחומי האחריות שלי: אינטגרציה של שרתים ושירותים, איתור וחקירת באגים, מתן מענה טכני לצוותי פיתוח ובקרת איכות וללקוחות החברה וכתיבת מסמכים לשימוש פנימי. אני קורא הרבה ומרבה להתייעץ עם מומחים כך שאני בטוח שאין אתגר שאין ביכולתי להתגבר עליו. בזמני הפנוי אני נהנה לכתוב אוטומציות ולתרגל יוגה. כבר אמרתי שאני ורסטילי וגמיש?😄 .אני מאוד מעוניין להתפתח ולגדול בענף הפיתוח ומחפש את המשרה הראשונה שלי כמפתח BackEnd/ FrontEnd/ FullStack.
              </p>
            </div>
          </div>
        </div>
      </div>
    </main>
    <footer
      class="footer"
    >
      <div
        class="footerTop"
      >
        <div
          class="footerTopContainer"
        >
          <div
            class="footerLinks"
          >
            <div
              class="serviceLinks"
            >
              <h3>
                שירותים
              </h3>
              <ul>
                <li>
                  <span
                    class="decoration"
                  >
                    &gt;
                  </span>
                  <a
                    class="white"
                    href="/contact"
                    title="Contact"
                  >
                    צור קשר
                  </a>
                </li>
                <li>
                  <span
                    class="decoration"
                  >
                    &gt;
                  </span>
                  <a
                    class="white"
                    href="/help"
                    title="Help"
                  >
                    עזרה
                  </a>
                </li>
                <li>
                  <span
                    class="decoration"
                  >
                    &gt;
                  </span>
                  <a
                    class="white"
                    href="/archive"
                    title="Archive"
                  >
                    ארכיון
                  </a>
                </li>
              </ul>
            </div>
          </div>
        </div>
      </div>
      <div
        class="footerBottom"
      >
        <div
          class="footerBottomContainer"
        >
          <div
            class="footerLang"
          >
            <div
              class="lang"
            >
              <button
                class=" button"
                type="button"
              >
                <p>
                  English
                </p>
              </button>
            </div>
            <div
              class="lang"
            >
              <button
                class="currentLang button"
                type="button"
              >
                <p>
                  עברית
                </p>
              </button>
            </div>
          </div>
        </div>
      </div>
    </footer>
  </div>
</div>
`;
